[preview.colorlib.com/theme/buildream/index.html]
[backblue.gif]
[fade.gif]
[index.html]
[stackpath.bootstrapcdn.com/font-awesome/4.7.0/css/font-awesome.min.css]
[cdnjs.cloudflare.com/ajax/libs/ionicons/4.5.6/css/ionicons.min.css]
[preview.colorlib.com/theme/buildream/css/A.animate.css+flaticon.css+tiny-slider.css+glightbox.min.css+aos.css+style.css,Mcc.Ay-TJ4EX-U.css.pagespeed.cf.sppwSR2SOM.css]
[preview.colorlib.com/theme/buildream/about.html]
[preview.colorlib.com/theme/buildream/services.html]
[preview.colorlib.com/theme/buildream/project.html]
[preview.colorlib.com/theme/buildream/pricing.html]
[preview.colorlib.com/theme/buildream/blog.html]
[preview.colorlib.com/theme/buildream/contact.html]
[preview.colorlib.com/theme/buildream/images/xbg_1.jpg.pagespeed.ic.MmmQMOX8z8.jpg]
[preview.colorlib.com/theme/buildream/images/xabout.jpg.pagespeed.ic.RKEDHzGegC.jpg]
[preview.colorlib.com/theme/buildream/images/xbg_4.jpg.pagespeed.ic.ZAlmYxxPMb.jpg]
[preview.colorlib.com/theme/buildream/images/xservices.jpg.pagespeed.ic.kCFK1nGlvO.jpg]
[preview.colorlib.com/theme/buildream/images/xbg_2.jpg.pagespeed.ic.7sptddicsi.jpg]
[preview.colorlib.com/theme/buildream/images/xstaff-1.jpg.pagespeed.ic.UZeekokIcK.jpg]
[preview.colorlib.com/theme/buildream/images/xstaff-2.jpg.pagespeed.ic.YkGciHPkso.jpg]
[preview.colorlib.com/theme/buildream/images/xstaff-3.jpg.pagespeed.ic.HfIwwpA189.jpg]
[preview.colorlib.com/theme/buildream/images/xstaff-4.jpg.pagespeed.ic.5V7Rtt9rke.jpg]
[preview.colorlib.com/theme/buildream/images/xwork-1.jpg.pagespeed.ic.V1mj3Ww27y.jpg]
[preview.colorlib.com/theme/buildream/images/work-1.jpg]
[preview.colorlib.com/theme/buildream/images/xwork-2.jpg.pagespeed.ic.dr76cxYQC7.jpg]
[preview.colorlib.com/theme/buildream/images/work-2.jpg]
[preview.colorlib.com/theme/buildream/images/xwork-3.jpg.pagespeed.ic.b19mKwqJwd.jpg]
[preview.colorlib.com/theme/buildream/images/work-3.jpg]
[preview.colorlib.com/theme/buildream/images/xwork-4.jpg.pagespeed.ic.33T86iu_Ld.jpg]
[preview.colorlib.com/theme/buildream/images/work-4.jpg]
[preview.colorlib.com/theme/buildream/images/xwork-5.jpg.pagespeed.ic.KPmQn3G91i.jpg]
[preview.colorlib.com/theme/buildream/images/work-5.jpg]
[preview.colorlib.com/theme/buildream/images/xwork-6.jpg.pagespeed.ic.LuZY1UWClv.jpg]
[preview.colorlib.com/theme/buildream/images/work-6.jpg]
[preview.colorlib.com/theme/buildream/images/xperson_1.jpg.pagespeed.ic.P4pHl6glbj.jpg]
[preview.colorlib.com/theme/buildream/images/xperson_2.jpg.pagespeed.ic.yyrmjBH91b.jpg]
[preview.colorlib.com/theme/buildream/images/person_3.jpg]
[preview.colorlib.com/theme/buildream/blog-single.html]
[preview.colorlib.com/theme/buildream/images/ximage_1.jpg.pagespeed.ic.YtsUmYkaJM.jpg]
[preview.colorlib.com/theme/buildream/images/ximage_2.jpg.pagespeed.ic.e3uHj3bivR.jpg]
[preview.colorlib.com/theme/buildream/images/ximage_3.jpg.pagespeed.ic.QuyaTgE2aC.jpg]
[preview.colorlib.com/cdn-cgi/scripts/5c5dd728/cloudflare-static/email-decode.min.js]
[preview.colorlib.com/theme/buildream/js/bootstrap.bundle.min.js]
[preview.colorlib.com/theme/buildream/js/tiny-slider.js]
[preview.colorlib.com/theme/buildream/index.html]
[preview.colorlib.com/theme/buildream/js/glightbox.min.js+aos.js+google-map.js+main.js.pagespeed.jc.DSS7MIsKP5.js]
[fonts.gstatic.com/index.html]
[fonts.googleapis.com/css26d21.css]
[preview.colorlib.com/theme/buildream/images/xbg_5.jpg.pagespeed.ic.UsyZ8C9-72.jpg]
[preview.colorlib.com/theme/buildream/about.html]
[preview.colorlib.com/theme/buildream/services.html]
[preview.colorlib.com/theme/buildream/images/xwork-7.jpg.pagespeed.ic.-PbG3fKKDu.jpg]
[preview.colorlib.com/theme/buildream/images/work-7.jpg]
[preview.colorlib.com/theme/buildream/images/xwork-8.jpg.pagespeed.ic.cCStSDjqOo.jpg]
[preview.colorlib.com/theme/buildream/images/work-8.jpg]
[preview.colorlib.com/theme/buildream/images/xwork-9.jpg.pagespeed.ic.N2cTED9XCH.jpg]
[preview.colorlib.com/theme/buildream/project.html]
[preview.colorlib.com/theme/buildream/pricing.html]
[preview.colorlib.com/theme/buildream/images/work-9.jpg]
[preview.colorlib.com/theme/buildream/images/ximage_4.jpg.pagespeed.ic.Pqu00hybgJ.jpg]
[preview.colorlib.com/theme/buildream/images/ximage_5.jpg.pagespeed.ic.SQkMojz0zj.jpg]
[preview.colorlib.com/theme/buildream/blog.html]
[preview.colorlib.com/theme/buildream/contact.html]
[preview.colorlib.com/theme/buildream/blog-single.html]
[preview.colorlib.com/theme/buildream/images/ximage_6.jpg.pagespeed.ic.BO5xbNgi84.jpg]
[preview.colorlib.com/theme/buildream/images/xbg_4.jpg.pagespeed.ic.ZAlmYxxPMb.jpg]
[preview.colorlib.com/theme/buildream/images/xbg_1.jpg.pagespeed.ic.MmmQMOX8z8.jpg]
[preview.colorlib.com/theme/buildream/images/xabout.jpg.pagespeed.ic.RKEDHzGegC.jpg]
[stackpath.bootstrapcdn.com/font-awesome/4.7.0/css/font-awesome.min.css]
[preview.colorlib.com/theme/buildream/images/xservices.jpg.pagespeed.ic.kCFK1nGlvO.jpg]
[stackpath.bootstrapcdn.com/font-awesome/4.7.0/fonts/fontawesome-webfont3e6e.svg]
[preview.colorlib.com/theme/buildream/images/xbg_2.jpg.pagespeed.ic.7sptddicsi.jpg]
[cdnjs.cloudflare.com/ajax/libs/ionicons/4.5.6/css/ionicons.min.css]
[preview.colorlib.com/theme/buildream/images/xstaff-2.jpg.pagespeed.ic.YkGciHPkso.jpg]
[preview.colorlib.com/theme/buildream/images/xstaff-1.jpg.pagespeed.ic.UZeekokIcK.jpg]
[preview.colorlib.com/theme/buildream/images/xstaff-3.jpg.pagespeed.ic.HfIwwpA189.jpg]
[cdnjs.cloudflare.com/ajax/libs/ionicons/4.5.6/fonts/ioniconsf943.svg]
[preview.colorlib.com/theme/buildream/images/xwork-1.jpg.pagespeed.ic.V1mj3Ww27y.jpg]
[preview.colorlib.com/theme/buildream/fonts/flaticon/font/Flaticon.eot]
[preview.colorlib.com/theme/buildream/images/xstaff-4.jpg.pagespeed.ic.5V7Rtt9rke.jpg]
[preview.colorlib.com/theme/buildream/images/work-1.jpg]
[preview.colorlib.com/theme/buildream/fonts/flaticon/font/Flaticond41d.eot]
[preview.colorlib.com/theme/buildream/images/xwork-2.jpg.pagespeed.ic.dr76cxYQC7.jpg]
[preview.colorlib.com/theme/buildream/images/work-2.jpg]
[preview.colorlib.com/theme/buildream/images/xwork-3.jpg.pagespeed.ic.b19mKwqJwd.jpg]
[preview.colorlib.com/theme/buildream/fonts/flaticon/font/Flaticon.woff]
[preview.colorlib.com/theme/buildream/images/work-3.jpg]
[preview.colorlib.com/theme/buildream/images/xwork-4.jpg.pagespeed.ic.33T86iu_Ld.jpg]
[preview.colorlib.com/theme/buildream/images/work-4.jpg]
[preview.colorlib.com/theme/buildream/fonts/flaticon/font/Flaticon.ttf]
[preview.colorlib.com/theme/buildream/images/work-5.jpg]
[preview.colorlib.com/theme/buildream/images/xwork-5.jpg.pagespeed.ic.KPmQn3G91i.jpg]
[preview.colorlib.com/theme/buildream/images/xwork-6.jpg.pagespeed.ic.LuZY1UWClv.jpg]
[preview.colorlib.com/theme/buildream/css/A.animate.css+flaticon.css+tiny-slider.css+glightbox.min.css+aos.css+style.css,Mcc.Ay-TJ4EX-U.css.pagespeed.cf.sppwSR2SOM.css]
[preview.colorlib.com/theme/buildream/images/work-6.jpg]
[preview.colorlib.com/theme/buildream/images/xperson_1.jpg.pagespeed.ic.P4pHl6glbj.jpg]
[preview.colorlib.com/theme/buildream/images/xperson_2.jpg.pagespeed.ic.yyrmjBH91b.jpg]
[preview.colorlib.com/theme/buildream/fonts/flaticon/font/Flaticon.svg]
[preview.colorlib.com/cdn-cgi/zaraz/sd0d9.js]
[preview.colorlib.com/theme/buildream/images/ximage_1.jpg.pagespeed.ic.YtsUmYkaJM.jpg]
[preview.colorlib.com/theme/buildream/images/ximage_2.jpg.pagespeed.ic.e3uHj3bivR.jpg]
[stackpath.bootstrapcdn.com/font-awesome/4.7.0/fonts/fontawesome-webfont3e6e.svg]
[cdnjs.cloudflare.com/ajax/libs/ionicons/4.5.6/fonts/ioniconsf943.svg]
[preview.colorlib.com/theme/buildream/fonts/flaticon/font/Flaticon.svg]
[preview.colorlib.com/theme/buildream/blog-single.html]
